// Jest Snapshot v1, https://goo.gl/fbAQLP

exports[`Collection Preview test Snapshot testing 1`] = `ShallowWrapper {}`;
